// Jest Snapshot v1, https://goo.gl/fbAQLP

exports[`MovieNightStack matches snapshot 1`] = `
{
  "Parameters": {
    "BootstrapVersion": {
      "Default": "/cdk-bootstrap/hnb659fds/version",
      "Description": "Version of the CDK Bootstrap resources in this environment, automatically retrieved from SSM Parameter Store. [cdk:skip]",
      "Type": "AWS::SSM::Parameter::Value<String>",
    },
  },
  "Resources": {
    "MovieNightExecPolicy39E72BA7": {
      "Properties": {
        "PolicyDocument": {
          "Statement": [
            {
              "Action": [
                "dynamodb:List*",
                "dynamodb:DescribeReservedCapacity*",
                "dynamodb:DescribeLimits",
                "dynamodb:DescribeTimeToLive",
              ],
              "Effect": "Allow",
              "Resource": "*",
              "Sid": "DynamoDBReadAccess",
            },
            {
              "Action": [
                "dynamodb:BatchGet*",
                "dynamodb:DescribeStream",
                "dynamodb:DescribeTable",
                "dynamodb:Get*",
                "dynamodb:Query",
                "dynamodb:Scan",
                "dynamodb:BatchWrite*",
                "dynamodb:CreateTable",
                "dynamodb:Delete*",
                "dynamodb:Update*",
                "dynamodb:PutItem",
              ],
              "Effect": "Allow",
              "Resource": {
                "Fn::GetAtt": [
                  "MovieNightTableF882A7F3",
                  "Arn",
                ],
              },
              "Sid": "DynamoDBWriteAccess",
            },
          ],
          "Version": "2012-10-17",
        },
        "PolicyName": "MovieNightExecPolicy39E72BA7",
        "Users": [
          {
            "Ref": "MovieNightUserD03138EC",
          },
        ],
      },
      "Type": "AWS::IAM::Policy",
    },
    "MovieNightTableF882A7F3": {
      "DeletionPolicy": "RetainExceptOnCreate",
      "Properties": {
        "AttributeDefinitions": [
          {
            "AttributeName": "PK",
            "AttributeType": "S",
          },
          {
            "AttributeName": "SK",
            "AttributeType": "S",
          },
          {
            "AttributeName": "GSI_SK",
            "AttributeType": "S",
          },
        ],
        "BillingMode": "PAY_PER_REQUEST",
        "GlobalSecondaryIndexes": [
          {
            "IndexName": "GSI1",
            "KeySchema": [
              {
                "AttributeName": "SK",
                "KeyType": "HASH",
              },
              {
                "AttributeName": "GSI_SK",
                "KeyType": "RANGE",
              },
            ],
            "Projection": {
              "ProjectionType": "ALL",
            },
          },
        ],
        "KeySchema": [
          {
            "AttributeName": "PK",
            "KeyType": "HASH",
          },
          {
            "AttributeName": "SK",
            "KeyType": "RANGE",
          },
        ],
        "Replicas": [
          {
            "DeletionProtectionEnabled": true,
            "GlobalSecondaryIndexes": [
              {
                "IndexName": "GSI1",
              },
            ],
            "PointInTimeRecoverySpecification": {
              "PointInTimeRecoveryEnabled": true,
            },
            "ReadOnDemandThroughputSettings": {
              "MaxReadRequestUnits": 50,
            },
            "Region": {
              "Ref": "AWS::Region",
            },
          },
        ],
        "TableName": "movie-night-table",
        "TimeToLiveSpecification": {
          "AttributeName": "ttl",
          "Enabled": true,
        },
        "WriteOnDemandThroughputSettings": {
          "MaxWriteRequestUnits": 25,
        },
      },
      "Type": "AWS::DynamoDB::GlobalTable",
      "UpdateReplacePolicy": "Retain",
    },
    "MovieNightUserD03138EC": {
      "DependsOn": [
        "MovieNightTableF882A7F3",
      ],
      "Properties": {
        "UserName": "movie-night-exec-user",
      },
      "Type": "AWS::IAM::User",
    },
  },
  "Rules": {
    "CheckBootstrapVersion": {
      "Assertions": [
        {
          "Assert": {
            "Fn::Not": [
              {
                "Fn::Contains": [
                  [
                    "1",
                    "2",
                    "3",
                    "4",
                    "5",
                  ],
                  {
                    "Ref": "BootstrapVersion",
                  },
                ],
              },
            ],
          },
          "AssertDescription": "CDK bootstrap stack version 6 required. Please run 'cdk bootstrap' with a recent version of the CDK CLI.",
        },
      ],
    },
  },
}
`;
